
Running 102 tests using 1 worker

node.exe : (node:18596) Warning: The 'NO_COLOR' env is ignored due to the 'FORCE_COLOR' env being set.
At line:1 char:1
+ & "F:\Apps\NodeJS/node.exe" "F:\Dev\npm-global/node_modules/npm/bin/n ...
+ ~~~~~~~~~~~~~~~~~~~~~~~~~~~~~~~~~~~~~~~~~~~~~~~~~~~~~~~~~~~~~~~~~~~~~
    + CategoryInfo          : NotSpecified: ((node:18596) Wa... env being set.:String) [], RemoteException
    + FullyQualifiedErrorId : NativeCommandError
 
(Use `node --trace-warnings ...` to show where the warning was created)
  ✓    1 tests\dossier.spec.ts:116:3 › Dossier (§6.2) — fenced content at every step › walk 1→2→3→4→2: DOM == fixture for Wren at each step; F8 requests only n and n−1 (4.9s)
  ✓    2 tests\dossier.spec.ts:145:3 › Dossier (§6.2) — fenced content at every step › Veris–Sparrow ALIAS block exists at 3, and Veris is absent (§6.7 card, F4 copy) at 2 (858ms)
  ✓    3 tests\dossier.spec.ts:170:3 › Dossier (§6.2) — fenced content at every step › `#/work/:slug` lands on the principal character (highest degree) (607ms)
  ✓    4 tests\dossier.spec.ts:176:3 › Dossier (§6.2) — fenced content at every step › R3 follow-up — backward fetch failure: bookmark commits, no higher data remains, §6.7 error card, Try again (1.4s)
  ✓    5 tests\dossier.spec.ts:215:3 › Dossier (§6.2) — fenced content at every step › loading skeleton shows before data, no spinner (1.8s)
  ✓    6 tests\dossier.spec.ts:248:3 › Dossier — synthetic-100 (test-only fixture via interception) › cast overflow: top 12, 'All 70 people →', searchable full list; ties overflow at 12 (744ms)
  ✓    7 tests\fence.spec.ts:88:3 › Spoiler fence (DESIGN_SPEC §9.1) › F1 — first visit defaults to chapter 1 and requests only n=1 (528ms)
  ✓    8 tests\fence.spec.ts:97:3 › Spoiler fence (DESIGN_SPEC §9.1) › F1 — forward via the dialog requests exactly the confirmed chapter, never above (1.2s)
  ✓    9 tests\fence.spec.ts:109:3 › Spoiler fence (DESIGN_SPEC §9.1) › F1 — `]` opens the dialog prefilled with bookmark+1 and fetches nothing by itself (1.1s)
  ✓   10 tests\fence.spec.ts:125:3 › Spoiler fence (DESIGN_SPEC §9.1) › F1 — no request while typing in the dialog (incl. an out-of-range 2000) (1.2s)
  ✓   11 tests\fence.spec.ts:145:3 › Spoiler fence (DESIGN_SPEC §9.1) › F1 — rapid double confirm: only the last confirmed chapter ever renders (3.0s)
  ✓   12 tests\fence.spec.ts:166:3 › Spoiler fence (DESIGN_SPEC §9.1) › §8.1 — confirm forward, then step back before it resolves: forward response never lands (2.3s)
  ✓   13 tests\fence.spec.ts:188:3 › Spoiler fence (DESIGN_SPEC §9.1) › §8.1 — a slow older response arriving after a newer one is dropped (interception with delays) (2.8s)
  ✓   14 tests\fence.spec.ts:211:3 › Spoiler fence (DESIGN_SPEC §9.1) › §6.7 — failed fetch keeps the old data, shows the banner, bookmark unchanged (743ms)
  ✓   15 tests\fence.spec.ts:232:3 › Spoiler fence (DESIGN_SPEC §9.1) › F2 / F3 — at most 5 rows, one sealed row of constant size, no future numbers beyond 'of N' (841ms)
  ✓   16 tests\fence.spec.ts:259:3 › Spoiler fence (DESIGN_SPEC §9.1) › F5 — moving back purges cached chapters > new bookmark (re-forward refetches) (812ms)
  ✓   17 tests\fence.spec.ts:279:3 › Spoiler fence (DESIGN_SPEC §9.1) › F5 — `[` at chapter 1 is a no-op (no request, no toast) (940ms)
  ✓   18 tests\fence.spec.ts:289:3 › Spoiler fence (DESIGN_SPEC §9.1) › persistence — reload keeps the bookmark and requests only that chapter (+ n−1 for F8 tags) (1.4s)
  ✓   19 tests\fence.spec.ts:304:5 › Spoiler fence (DESIGN_SPEC §9.1) › tampered localStorage "0" resets to chapter 1 and requests only n=1 (659ms)
  ✓   20 tests\fence.spec.ts:304:5 › Spoiler fence (DESIGN_SPEC §9.1) › tampered localStorage "-3" resets to chapter 1 and requests only n=1 (674ms)
  ✓   21 tests\fence.spec.ts:304:5 › Spoiler fence (DESIGN_SPEC §9.1) › tampered localStorage "999" resets to chapter 1 and requests only n=1 (644ms)
  ✓   22 tests\fence.spec.ts:304:5 › Spoiler fence (DESIGN_SPEC §9.1) › tampered localStorage "abc" resets to chapter 1 and requests only n=1 (662ms)
  ✓   23 tests\fence.spec.ts:304:5 › Spoiler fence (DESIGN_SPEC §9.1) › tampered localStorage "2.5" resets to chapter 1 and requests only n=1 (673ms)
  ✓   24 tests\fence.spec.ts:304:5 › Spoiler fence (DESIGN_SPEC §9.1) › tampered localStorage "" resets to chapter 1 and requests only n=1 (656ms)
  ✓   25 tests\fence.spec.ts:315:3 › Spoiler fence (DESIGN_SPEC §9.1) › tab switch during a forward fetch: bookmark still commits, no extra request above it (1.6s)
  ✓   26 tests\fence.spec.ts:331:3 › Spoiler fence (DESIGN_SPEC §9.1) › keys never fire inside inputs (1.0s)
  ✓   27 tests\fence.spec.ts:349:3 › Spoiler fence (DESIGN_SPEC §9.1) › dialog: clicking a past row fills the input; Esc cancels without fetching (743ms)
  ✓   28 tests\fence.spec.ts:363:3 › Spoiler fence (DESIGN_SPEC §9.1) › dialog: focus is trapped; Tab from the last control wraps to the first (639ms)
  ✓   29 tests\fence.spec.ts:375:3 › Spoiler fence (DESIGN_SPEC §9.1) › §6.7 — banner 'Try again' re-requests exactly the failed chapter; any move clears the banner (1.2s)
  ✓   30 tests\fence.spec.ts:400:3 › Spoiler fence (DESIGN_SPEC §9.1) › navigating away (browser back) during a forward fetch: aborted, nothing commits, return refetches only the bookmark (2.5s)
  ✓   31 tests\fence.spec.ts:423:3 › Spoiler fence (DESIGN_SPEC §9.1) › unknown work: chapter_count unresolvable → zero graph requests, controls disabled (1.1s)
  ✓   32 tests\fence.spec.ts:436:3 › Spoiler fence (DESIGN_SPEC §9.1) › F4 (dossier, R4) — an entity not yet met shows neutral copy that never confirms a later appearance (635ms)
  ✓   33 tests\fence.spec.ts:449:3 › Spoiler fence (DESIGN_SPEC §9.1) › F4 (search, R8) — Stemma search no-match copy never confirms a name exists later (762ms)
  ✓   34 tests\fence.spec.ts:462:3 › Spoiler fence (DESIGN_SPEC §9.1) › F6 (integration phase) — arc names hidden until start <= bookmark, range always visible (887ms)
  -   35 tests\fence.spec.ts:506:8 › Spoiler fence (DESIGN_SPEC §9.1) › F7 (R7) — chapter titles, if added, follow F6 (no chapter-title feature exists yet)
  ✓   36 tests\fence.spec.ts:507:3 › Spoiler fence (DESIGN_SPEC §9.1) › F8 (R4) — "changed" tags come from graph(n) and graph(n−1) only: exactly those two requests, both fenced (1.1s)
  ✓   37 tests\fence.spec.ts:519:3 › Spoiler fence (DESIGN_SPEC §9.1) › F9 (R8) — demo/landing mini-graph obeys F1-F3, no hint of the upcoming reveal edge (937ms)
  ✓   38 tests\geometry.spec.ts:17:3 › Dossier geometry (§6.2) › rail 290 / right panel 400 at 1440 (501ms)
  ✓   39 tests\geometry.spec.ts:25:3 › Dossier geometry (§6.2) › rail 260 / right panel 320 at the 1280-1439 breakpoint (541ms)
  ✓   40 tests\geometry.spec.ts:35:3 › Stemma geometry (§6.3) › rail 290 / right panel 350 at 1440 (535ms)
  ✓   41 tests\geometry.spec.ts:43:3 › Stemma geometry (§6.3) › rail 260 / right panel 320 at the 1280-1439 breakpoint (551ms)
  ✓   42 tests\geometry.spec.ts:60:5 › No horizontal scroll at 1280x720 › landing (443ms)
  ✓   43 tests\geometry.spec.ts:60:5 › No horizontal scroll at 1280x720 › dossier (494ms)
  ✓   44 tests\geometry.spec.ts:60:5 › No horizontal scroll at 1280x720 › stemma (477ms)
  ✓   45 tests\geometry.spec.ts:83:7 › R9 responsive: no horizontal scroll at 1100x800 and 900x800 › dossier @ 1100px (490ms)
  ✓   46 tests\geometry.spec.ts:83:7 › R9 responsive: no horizontal scroll at 1100x800 and 900x800 › stemma @ 1100px (503ms)
  ✓   47 tests\geometry.spec.ts:83:7 › R9 responsive: no horizontal scroll at 1100x800 and 900x800 › dossier @ 900px (422ms)
  ✓   48 tests\geometry.spec.ts:83:7 › R9 responsive: no horizontal scroll at 1100x800 and 900x800 › stemma @ 900px (524ms)
  ✓   49 tests\geometry.spec.ts:98:3 › R9 responsive: drawer toggles › Dossier: right panel is off-canvas by default at 1100px, opens/closes via toggle + scrim (947ms)
  ✓   50 tests\geometry.spec.ts:110:3 › R9 responsive: drawer toggles › Dossier: rail is a top drawer at 900px, off-canvas until toggled (1.4s)
  ✓   51 tests\landing.spec.ts:41:3 › Landing (§6.1) — try-it panel obeys the fence › F9 — the mini-graph draws only the current chapter's fenced nodes, at every chapter (2.5s)
  ✓   52 tests\landing.spec.ts:53:3 › Landing (§6.1) — try-it panel obeys the fence › F2 — no text on the page ever names a later-chapter-only entity (961ms)
  ✓   53 tests\landing.spec.ts:60:3 › Landing (§6.1) — try-it panel obeys the fence › stepper forward crosses a reveal and plays the real overlay; backward shows the sealed-again toast (1.1s)
  ✓   54 tests\landing.spec.ts:72:3 › Landing (§6.1) — try-it panel obeys the fence › "Explore the full book" opens the real Dossier at the same bookmark (2.6s)
  ✓   55 tests\landing.spec.ts:82:3 › Landing — state cards (§6.7) › empty shelf: 0 works shows both the footer empty-shelf card and the try-it demo-missing card (481ms)
  ✓   56 tests\landing.spec.ts:93:3 › Landing — state cards (§6.7) › demo missing specifically: works present but none is the demo slug (437ms)
  ✓   57 tests\landing.spec.ts:103:3 › Landing — state cards (§6.7) › error: /works unreachable shows the error card in both the try-it panel and the footer (429ms)
  ✓   58 tests\landing.spec.ts:112:3 › Landing — state cards (§6.7) › "How the seal works" opens the explainer panel; Esc closes it (441ms)
  ✓   59 tests\landing.spec.ts:122:3 › Landing — fonts loading (no layout shift) › cumulative layout shift stays at or below 2% through first paint (1.2s)
  ✓   60 tests\reduced-motion.spec.ts:16:3 › Reduced motion (§4.5) › global motion-duration tokens collapse under prefers-reduced-motion: reduce (354ms)
  ✓   61 tests\reduced-motion.spec.ts:31:3 › Reduced motion (§4.5) › Stemma physics: the reduced-motion burst actually stops (positions stable within 1px, sampled after its own declared 800ms duration) (2.0s)
  ✓   62 tests\reduced-motion.spec.ts:59:3 › Reduced motion (§4.5) › loading glyph is static, in ink/dim/faint order, under reduced motion (2.5s)
  ✓   63 tests\reduced-motion.spec.ts:84:3 › Reduced motion (§4.5) › loading glyph fades in sequence (staggered) without reduced motion (2.5s)
  ✓   64 tests\reveal-choreography.spec.ts:37:3 › Reveal choreography (§8.2) › full motion: t=0/450/1000/1400ms match the timing table (2.2s)
  ✓   65 tests\reveal-choreography.spec.ts:82:3 › Reveal choreography (§8.2) › reduced motion: everything appears together with a single 200ms fade, no thread drawing, no mural brightening (1.1s)
  ✓   66 tests\reveal-choreography.spec.ts:107:3 › Reveal choreography (§8.2) › full motion DOES brighten the mural attribute for the overlay's duration only (772ms)
  ✓   67 tests\reveal.spec.ts:62:3 › Reveal moment (DESIGN_SPEC §6.5, §8.2) › 1→2: a NORMAL reveal for Wren/Caelum — headline, quote and kicker all come from the fenced n=2 payload, no 'Before' line (4.0s)
  ✓   68 tests\reveal.spec.ts:85:3 › Reveal moment (DESIGN_SPEC §6.5, §8.2) › 2→3: a NORMAL reveal for Sparrow/Veris; DOM text is fenced-only (no chapter-4-only names) (820ms)
  ✓   69 tests\reveal.spec.ts:97:3 › Reveal moment (DESIGN_SPEC §6.5, §8.2) › 3→4: a DEEPENING reveal for Wren/Caelum — new relation's copy + quote, 'Before' line names the ch.2 relation (852ms)
  ✓   70 tests\reveal.spec.ts:116:3 › Reveal moment (DESIGN_SPEC §6.5, §8.2) › 1→4 (jump over the deepening step): both pairs surface as NORMAL reveals with a pager, no 'Before' line on either page (894ms)
  ✓   71 tests\reveal.spec.ts:132:3 › Reveal moment (DESIGN_SPEC §6.5, §8.2) › 4→2 (backward): no reveal UI fires; the 'sealed again' toast shows instead (1.4s)
  ✓   72 tests\reveal.spec.ts:139:3 › Reveal moment (DESIGN_SPEC §6.5, §8.2) › reload at chapter 3 fires nothing (not a forward commit) (1.3s)
  ✓   73 tests\reveal.spec.ts:144:3 › Reveal moment (DESIGN_SPEC §6.5, §8.2) › a failed forward fetch fires no reveal (1.4s)
  ✓   74 tests\reveal.spec.ts:155:3 › Reveal moment (DESIGN_SPEC §6.5, §8.2) › replay: the Dossier's replay button reopens the overlay from cache — zero network requests, and normal vs. deepening depends only on what's cached (1.8s)
  ✓   75 tests\reveal.spec.ts:180:3 › Reveal moment (DESIGN_SPEC §6.5, §8.2) › quiet mode: persists across reload, and shows a toast instead of the overlay (1.0s)
  ✓   76 tests\reveal.spec.ts:195:3 › Reveal moment (DESIGN_SPEC §6.5, §8.2) › quiet mode: a deepening reveal's toast uses the deepen kicker, and 'Read the evidence' opens the overlay with zero network requests (871ms)
  ✓   77 tests\reveal.spec.ts:231:3 › Reveal moment — synthetic-100 (test-only fixture via interception) › a jump producing >3 reveals shows the summary sheet, not sequential overlays (851ms)
  ✓   78 tests\shortcuts.spec.ts:19:3 › Global keyboard map (§8.5) › g d / g w navigate the two tabs from anywhere in a work (627ms)
  ✓   79 tests\shortcuts.spec.ts:28:3 › Global keyboard map (§8.5) › a lone `g` with no follow-up key expires and does nothing (1.7s)
  ✓   80 tests\shortcuts.spec.ts:36:3 › Global keyboard map (§8.5) › `?` opens the shortcut sheet with a real focus trap; Esc closes it (644ms)
  ✓   81 tests\shortcuts.spec.ts:51:3 › Global keyboard map (§8.5) › `?` and `g` do nothing while typing in an input (typing-target guard) (781ms)
  ✓   82 tests\shortcuts.spec.ts:63:3 › Global keyboard map (§8.5) › `?` does nothing while the Change-chapter dialog is open (673ms)
  ✓   83 tests\stemma.spec.ts:131:3 › Stemma — fenced canvas at every step › walk 1→2→3→4→2: cy ids == view model of the fenced payload (Everyone), principal ⊆ that; no request above (9.4s)
  ✓   84 tests\stemma.spec.ts:162:3 › Stemma — fenced canvas at every step › F4 (Stemma) — searching a later-chapter name at an earlier bookmark: neutral no-match, nothing leaks (3.5s)
  ✓   85 tests\stemma.spec.ts:179:3 › Stemma — fenced canvas at every step › shared URL ?focus=<unrevealed id> at bookmark 1 falls back to the principal and leaks nothing (2.5s)
  ✓   86 tests\stemma.spec.ts:196:3 › Stemma — fenced canvas at every step › bookmark moves back while focused on an entity that vanishes: quiet fallback to the principal (4.3s)
  ✓   87 tests\stemma.spec.ts:212:3 › Stemma — fenced canvas at every step › edge tooltip (identity: label + 80-char quote; social: label only) and the selection panel (full quote) (3.8s)
  ✓   88 tests\stemma.spec.ts:244:3 › Stemma — fenced canvas at every step › keyboard: `/` → search; arrows cycle neighbours with the ring; Enter focuses; Esc clears focus (2.6s)
  ✓   89 tests\stemma.spec.ts:273:3 › Stemma — fenced canvas at every step › R9 §11 — screen-reader mirror of the focused neighbourhood updates on focus change and contains only fenced ties (14.4s)
  ✓   90 tests\stemma.spec.ts:290:3 › Stemma — fenced canvas at every step › lifecycle: Stemma → Dossier → Stemma ×3 leaves exactly one instance and ≤1 layout; leaving the work leaves none (5.9s)
  ✓   91 tests\stemma.spec.ts:358:3 › Stemma — fenced canvas at every step › camera-fit regression: Dossier → Stemma tab click lands the focus framed, not off-screen (2.2s)
  ✓   92 tests\stemma.spec.ts:369:3 › Stemma — fenced canvas at every step › R7: a retired #/…/chronicle link redirects to the graph (500ms)
  ✓   93 tests\stemma.spec.ts:378:3 › Stemma — fenced canvas at every step › camera-fit regression: landing → Explore the full book → Stemma tab click lands the focus framed (2.3s)
  ✓   94 tests\stemma.spec.ts:390:3 › Stemma — fenced canvas at every step › small-cast fit-all: a dimmed far-tier context node is never clipped at the viewport edge (2.6s)
  ✓   95 tests\stemma.spec.ts:466:3 › Stemma — synthetic-100 (test-only fixture via interception) › legibility: zero overlaps among principal labels at the default fit (synthetic-100 and the demo), at the 1280×720 minimum (8.1s)
  ✓   96 tests\stemma.spec.ts:515:3 › Stemma — synthetic-100 (test-only fixture via interception) › R9 label legibility: principal-label effective size (font-size × zoom) on the default (focused-on-principal) view at 1280×720 — floor lowered from 13px to 11px, see comment (4.8s)
  ✓   97 tests\stemma.spec.ts:545:3 › Stemma — synthetic-100 (test-only fixture via interception) › settle: positions stable within 1px within 1.5s of a filter change (synthetic-100) (5.9s)
  ✓   98 tests\style.spec.ts:12:1 › Pirata One never renders below 28px (499ms)
  ✓   99 tests\style.spec.ts:27:1 › no uppercase text-transform with positive letter-spacing (501ms)
  ✓  100 tests\style.spec.ts:42:1 › border-radius is 0 everywhere except [data-round] elements (541ms)
  ✓  101 tests\style.spec.ts:63:1 › Pirata One, EB Garamond and Alegreya Sans are actually loaded (not a fallback) (511ms)
  ✓  102 tests\style.spec.ts:79:1 › no horizontal page scroll at 1280x720 (531ms)

  1 skipped
  101 passed (2.9m)
