python : 
F:\Dev\Claude_folder_project_and_stuff\StoryWeave\.venv-ml\Lib\site-packages\huggingface_hub\utils\_validators.py:189: 
UserWarning: The `resume_download` argument is deprecated and ignored in `snapshot_download`. Downloads always resume 
whenever possible.
At line:1 char:340
+ ... _OFFLINE=1; python tools/build_r4_db.py --dump-proposals evidence/ret ...
+                 ~~~~~~~~~~~~~~~~~~~~~~~~~~~~~~~~~~~~~~~~~~~~~~~~~~~~~~~~~
    + CategoryInfo          : NotSpecified: (F:\Dev\Claude_f...never possible.:String) [], RemoteException
    + FullyQualifiedErrorId : NativeCommandError
 
  warnings.warn(
source db : F:\Dev\Claude_folder_project_and_stuff\StoryWeave\data\retrofit\ninth_house_r3.db
output    : F:\Dev\Claude_folder_project_and_stuff\StoryWeave\data\retrofit\ninth_house_r4.db
config    : relex_rel_threshold=None (None = the configured default), cue overrides=[]
migration : added edge columns (none needed)
work      : the-ninth-house (id=1)
entities  : 188
proposals : dumped to evidence\retrofit\R4_proposals.jsonl
relations : work id=1: 306 proposals -> 64 edges (+61 reinforcements), 181 rejected. [LEADS:2, LOCATED_IN:20, MEMBER_OF:22, OWNS:16, SERVES:4] grades [INFERRED:31, STATED:33]
rejections by reason:
  ENDPOINT_NOT_STORED    137
  DOMAIN_RANGE           44
edges     : 64 total, 37 STATED
